Copyright 1986-2021 Xilinx, Inc. All Rights Reserved.
--------------------------------------------------------------------------------------------
| Tool Version : Vivado v.2021.1 (win64) Build 3247384 Thu Jun 10 19:36:33 MDT 2021
| Date         : Fri Oct 25 21:55:41 2024
| Host         : MSI running 64-bit major release  (build 9200)
| Command      : report_control_sets -verbose -file LuckyNumberGame_control_sets_placed.rpt
| Design       : LuckyNumberGame
| Device       : xc7z020
--------------------------------------------------------------------------------------------

Control Set Information

Table of Contents
-----------------
1. Summary
2. Histogram
3. Flip-Flop Distribution
4. Detailed Control Set Information

1. Summary
----------

+----------------------------------------------------------+-------+
|                          Status                          | Count |
+----------------------------------------------------------+-------+
| Total control sets                                       |    23 |
|    Minimum number of control sets                        |    23 |
|    Addition due to synthesis replication                 |     0 |
|    Addition due to physical synthesis replication        |     0 |
| Unused register locations in slices containing registers |    62 |
+----------------------------------------------------------+-------+
* Control sets can be merged at opt_design using control_set_merge or merge_equivalent_drivers
** Run report_qor_suggestions for automated merging and remapping suggestions


2. Histogram
------------

+--------------------+-------+
|       Fanout       | Count |
+--------------------+-------+
| Total control sets |    23 |
| >= 0 to < 4        |     4 |
| >= 4 to < 6        |     5 |
| >= 6 to < 8        |     4 |
| >= 8 to < 10       |     5 |
| >= 10 to < 12      |     0 |
| >= 12 to < 14      |     1 |
| >= 14 to < 16      |     0 |
| >= 16              |     4 |
+--------------------+-------+
* Control sets can be remapped at either synth_design or opt_design


3. Flip-Flop Distribution
-------------------------

+--------------+-----------------------+------------------------+-----------------+--------------+
| Clock Enable | Synchronous Set/Reset | Asynchronous Set/Reset | Total Registers | Total Slices |
+--------------+-----------------------+------------------------+-----------------+--------------+
| No           | No                    | No                     |              12 |            7 |
| No           | No                    | Yes                    |             158 |           41 |
| No           | Yes                   | No                     |               0 |            0 |
| Yes          | No                    | No                     |               4 |            2 |
| Yes          | No                    | Yes                    |             140 |           55 |
| Yes          | Yes                   | No                     |               0 |            0 |
+--------------+-----------------------+------------------------+-----------------+--------------+


4. Detailed Control Set Information
-----------------------------------

+-----------------------------------------------------------+----------------------------------------------------------------------------------------+------------------+------------------+----------------+--------------+
|                        Clock Signal                       |                                      Enable Signal                                     | Set/Reset Signal | Slice Load Count | Bel Load Count | Bels / Slice |
+-----------------------------------------------------------+----------------------------------------------------------------------------------------+------------------+------------------+----------------+--------------+
|  clk_IBUF_BUFG                                            | fsm_for_button_state_inst/read_button_debounce_inst/button_pressed_hold_reg[0]_i_1_n_0 | rst_IBUF         |                1 |              1 |         1.00 |
|  clk_IBUF_BUFG                                            | fsm_for_button_state_inst/read_button_debounce_inst/button_pressed_hold_reg[3]_i_1_n_0 | rst_IBUF         |                1 |              1 |         1.00 |
|  clk_IBUF_BUFG                                            | fsm_for_button_state_inst/read_button_debounce_inst/button_pressed_hold_reg[1]_i_1_n_0 | rst_IBUF         |                1 |              1 |         1.00 |
|  clk_IBUF_BUFG                                            | fsm_for_button_state_inst/read_button_debounce_inst/button_pressed_hold_reg[2]_i_1_n_0 | rst_IBUF         |                1 |              1 |         1.00 |
|  Q_reg_i_1_n_0                                            | speed_controller_inst/p_16_out[11]                                                     | rst_IBUF         |                3 |              4 |         1.33 |
|  Q_reg_i_1_n_0                                            | speed_controller_inst/p_16_out[3]                                                      | rst_IBUF         |                4 |              4 |         1.00 |
|  Q_reg_i_1_n_0                                            | speed_controller_inst/p_16_out[7]                                                      | rst_IBUF         |                2 |              4 |         2.00 |
|  Q_reg_i_1_n_0                                            | speed_controller_inst/p_16_out[15]                                                     | rst_IBUF         |                2 |              4 |         2.00 |
|  speed_controller_inst/frequency_for_button_read_inst/CLK | speed_controller_inst/generate_random_number0_inst/p_0_in                              |                  |                2 |              4 |         2.00 |
|  Q_reg_i_1_n_0                                            | speed_controller_inst/speed[0][7]_i_1_n_0                                              | rst_IBUF         |                2 |              6 |         3.00 |
|  Q_reg_i_1_n_0                                            | speed_controller_inst/speed[1][7]_i_1_n_0                                              | rst_IBUF         |                2 |              6 |         3.00 |
|  Q_reg_i_1_n_0                                            | speed_controller_inst/speed[2][7]_i_1_n_0                                              | rst_IBUF         |                2 |              6 |         3.00 |
|  Q_reg_i_1_n_0                                            | speed_controller_inst/speed[3][7]_i_1_n_0                                              | rst_IBUF         |                2 |              6 |         3.00 |
|  Q_reg_i_1_n_0                                            | fsm_for_button_state_inst/button_state_wire[0]                                         | rst_IBUF         |                2 |              8 |         4.00 |
|  Q_reg_i_1_n_0                                            | fsm_for_button_state_inst/button_state_wire[4]                                         | rst_IBUF         |                3 |              8 |         2.67 |
|  Q_reg_i_1_n_0                                            | fsm_for_button_state_inst/button_state_wire[2]                                         | rst_IBUF         |                2 |              8 |         4.00 |
|  Q_reg_i_1_n_0                                            | fsm_for_button_state_inst/button_state_wire[6]                                         | rst_IBUF         |                3 |              8 |         2.67 |
|  speed_controller_inst/frequency_for_button_read_inst/CLK |                                                                                        | rst_IBUF         |                2 |              8 |         4.00 |
|  Q_reg_i_1_n_0                                            |                                                                                        |                  |                7 |             12 |         1.71 |
|  Q_reg_i_1_n_0                                            |                                                                                        | rst_IBUF         |                5 |             16 |         3.20 |
|  clk_IBUF_BUFG                                            | frequency_for_button_read_inst/counter_0                                               | rst_IBUF         |                9 |             32 |         3.56 |
|  clk_IBUF_BUFG                                            | speed_controller_inst/frequency_for_button_read_inst/counter                           | rst_IBUF         |               13 |             32 |         2.46 |
|  clk_IBUF_BUFG                                            |                                                                                        | rst_IBUF         |               34 |            134 |         3.94 |
+-----------------------------------------------------------+----------------------------------------------------------------------------------------+------------------+------------------+----------------+--------------+


