Copyright 1986-2021 Xilinx, Inc. All Rights Reserved.
------------------------------------------------------------------------------------------------
| Tool Version : Vivado v.2021.1 (win64) Build 3247384 Thu Jun 10 19:36:33 MDT 2021
| Date         : Sat Oct 19 09:07:07 2024
| Host         : MSI running 64-bit major release  (build 9200)
| Command      : report_control_sets -verbose -file toggleLedWithButton_control_sets_placed.rpt
| Design       : toggleLedWithButton
| Device       : xc7z020
------------------------------------------------------------------------------------------------

Control Set Information

Table of Contents
-----------------
1. Summary
2. Histogram
3. Flip-Flop Distribution
4. Detailed Control Set Information

1. Summary
----------

+----------------------------------------------------------+-------+
|                          Status                          | Count |
+----------------------------------------------------------+-------+
| Total control sets                                       |    49 |
|    Minimum number of control sets                        |    49 |
|    Addition due to synthesis replication                 |     0 |
|    Addition due to physical synthesis replication        |     0 |
| Unused register locations in slices containing registers |   330 |
+----------------------------------------------------------+-------+
* Control sets can be merged at opt_design using control_set_merge or merge_equivalent_drivers
** Run report_qor_suggestions for automated merging and remapping suggestions


2. Histogram
------------

+--------------------+-------+
|       Fanout       | Count |
+--------------------+-------+
| Total control sets |    49 |
| >= 0 to < 4        |    46 |
| >= 4 to < 6        |     1 |
| >= 6 to < 8        |     0 |
| >= 8 to < 10       |     1 |
| >= 10 to < 12      |     0 |
| >= 12 to < 14      |     0 |
| >= 14 to < 16      |     0 |
| >= 16              |     1 |
+--------------------+-------+
* Control sets can be remapped at either synth_design or opt_design


3. Flip-Flop Distribution
-------------------------

+--------------+-----------------------+------------------------+-----------------+--------------+
| Clock Enable | Synchronous Set/Reset | Asynchronous Set/Reset | Total Registers | Total Slices |
+--------------+-----------------------+------------------------+-----------------+--------------+
| No           | No                    | No                     |               4 |            2 |
| No           | No                    | Yes                    |              33 |           26 |
| No           | Yes                   | No                     |              20 |           17 |
| Yes          | No                    | No                     |               0 |            0 |
| Yes          | No                    | Yes                    |              37 |           17 |
| Yes          | Yes                   | No                     |               0 |            0 |
+--------------+-----------------------+------------------------+-----------------+--------------+


4. Detailed Control Set Information
-----------------------------------

+---------------------------------------------------------------------------------------+--------------------------------------------------------------------+--------------------------------------------------------------------------------------+------------------+----------------+--------------+
|                                      Clock Signal                                     |                            Enable Signal                           |                                   Set/Reset Signal                                   | Slice Load Count | Bel Load Count | Bels / Slice |
+---------------------------------------------------------------------------------------+--------------------------------------------------------------------+--------------------------------------------------------------------------------------+------------------+----------------+--------------+
|  read_button_debounce_inst/frequency_for_button_read_inst/button_debounce0_reg[2]_P_0 |                                                                    | read_button_debounce_inst/frequency_for_button_read_inst/button_debounce0_reg[2]_P   |                1 |              1 |         1.00 |
|  read_button_debounce_inst/frequency_for_button_read_inst/button_debounce1_reg[2]_C   |                                                                    | read_button_debounce_inst/button_debounce0_reg[2]_LDC_i_2_n_0                        |                1 |              1 |         1.00 |
|  read_button_debounce_inst/frequency_for_button_read_inst/button_debounce1_reg[3]_C   |                                                                    | read_button_debounce_inst/frequency_for_button_read_inst/button_debounce1_reg[3]_P   |                1 |              1 |         1.00 |
|  read_button_debounce_inst/frequency_for_button_read_inst/button_debounce1_reg[0]_C   |                                                                    | read_button_debounce_inst/button_debounce0_reg[0]_LDC_i_2_n_0                        |                1 |              1 |         1.00 |
|  read_button_debounce_inst/frequency_for_button_read_inst/button_debounce1_reg[1]_C   |                                                                    | read_button_debounce_inst/button_debounce0_reg[1]_LDC_i_2_n_0                        |                1 |              1 |         1.00 |
|  clk_IBUF_BUFG                                                                        | read_button_debounce_inst/button_read_done_sync[2]                 | read_button_debounce_inst/frequency_for_button_read_inst/button_debounce_reg[2]_P    |                1 |              1 |         1.00 |
|  read_button_debounce_inst/frequency_for_button_read_inst/button_debounce0_reg[1]_P_0 |                                                                    | read_button_debounce_inst/frequency_for_button_read_inst/button_debounce0_reg[1]_P   |                1 |              1 |         1.00 |
|  read_button_debounce_inst/frequency_for_button_read_inst/button_debounce0_reg[0]_P   |                                                                    | read_button_debounce_inst/frequency_for_button_read_inst/button_debounce0_reg[0]_P_0 |                1 |              1 |         1.00 |
|  read_button_debounce_inst/frequency_for_button_read_inst/button_debounce_reg[3]_C    |                                                                    | read_button_debounce_inst/frequency_for_button_read_inst/clk_out_reg_0               |                1 |              1 |         1.00 |
|  read_button_debounce_inst/frequency_for_button_read_inst/button_debounce_reg[3]_C_1  |                                                                    | read_button_debounce_inst/frequency_for_button_read_inst/clk_out_reg_1               |                1 |              1 |         1.00 |
|  read_button_debounce_inst/frequency_for_button_read_inst/clk_out_reg_6               |                                                                    | read_button_debounce_inst/frequency_for_button_read_inst/clk_out_reg_10              |                1 |              1 |         1.00 |
|  clk_IBUF_BUFG                                                                        | read_button_debounce_inst/button_read_done_sync[3]                 | read_button_debounce_inst/frequency_for_button_read_inst/button_debounce_reg[3]_C    |                1 |              1 |         1.00 |
|  read_button_debounce_inst/frequency_for_button_read_inst/clk_out_reg_9               |                                                                    | read_button_debounce_inst/frequency_for_button_read_inst/clk_out_reg_13              |                1 |              1 |         1.00 |
|  clk_IBUF_BUFG                                                                        | read_button_debounce_inst/button_read_done_sync[3]                 | read_button_debounce_inst/frequency_for_button_read_inst/button_debounce_reg[3]_C_1  |                1 |              1 |         1.00 |
|  read_button_debounce_inst/frequency_for_button_read_inst/clk_out_reg_7               |                                                                    | read_button_debounce_inst/frequency_for_button_read_inst/clk_out_reg_11              |                1 |              1 |         1.00 |
|  read_button_debounce_inst/frequency_for_button_read_inst/button_debounce_reg[3]_C_0  |                                                                    | read_button_debounce_inst/frequency_for_button_read_inst/clk_out_reg_2               |                1 |              1 |         1.00 |
|  read_button_debounce_inst/frequency_for_button_read_inst/clk_out_reg_8               |                                                                    | read_button_debounce_inst/frequency_for_button_read_inst/clk_out_reg_12              |                1 |              1 |         1.00 |
|  clk_IBUF_BUFG                                                                        | read_button_debounce_inst/button_read_done_sync[0]                 | read_button_debounce_inst/frequency_for_button_read_inst/button_debounce_reg[0]_P    |                1 |              1 |         1.00 |
|  clk_IBUF_BUFG                                                                        |                                                                    | read_button_debounce_inst/frequency_for_button_read_inst/button_debounce0_reg[1]_P   |                1 |              1 |         1.00 |
|  clk_IBUF_BUFG                                                                        |                                                                    | read_button_debounce_inst/frequency_for_button_read_inst/button_debounce0_reg[2]_P   |                1 |              1 |         1.00 |
|  clk_IBUF_BUFG                                                                        |                                                                    | read_button_debounce_inst/frequency_for_button_read_inst/button_debounce0_reg[2]_P_0 |                1 |              1 |         1.00 |
|  clk_IBUF_BUFG                                                                        |                                                                    | read_button_debounce_inst/frequency_for_button_read_inst/button_debounce0_reg[0]_P_0 |                1 |              1 |         1.00 |
|  clk_IBUF_BUFG                                                                        |                                                                    | read_button_debounce_inst/frequency_for_button_read_inst/button_debounce1_reg[2]_C   |                1 |              1 |         1.00 |
|  clk_IBUF_BUFG                                                                        |                                                                    | read_button_debounce_inst/frequency_for_button_read_inst/button_debounce1_reg[3]_C   |                1 |              1 |         1.00 |
|  clk_IBUF_BUFG                                                                        |                                                                    | read_button_debounce_inst/frequency_for_button_read_inst/button_debounce1_reg[3]_P   |                1 |              1 |         1.00 |
|  clk_IBUF_BUFG                                                                        |                                                                    | read_button_debounce_inst/frequency_for_button_read_inst/button_debounce1_reg[0]_C   |                1 |              1 |         1.00 |
|  clk_IBUF_BUFG                                                                        |                                                                    | read_button_debounce_inst/frequency_for_button_read_inst/button_debounce1_reg[1]_C   |                1 |              1 |         1.00 |
|  clk_IBUF_BUFG                                                                        |                                                                    | read_button_debounce_inst/frequency_for_button_read_inst/button_debounce0_reg[1]_P_0 |                1 |              1 |         1.00 |
|  clk_IBUF_BUFG                                                                        |                                                                    | read_button_debounce_inst/frequency_for_button_read_inst/button_debounce0_reg[0]_P   |                1 |              1 |         1.00 |
|  clk_IBUF_BUFG                                                                        |                                                                    | read_button_debounce_inst/frequency_for_button_read_inst/clk_out_reg_12              |                1 |              1 |         1.00 |
|  clk_IBUF_BUFG                                                                        |                                                                    | read_button_debounce_inst/frequency_for_button_read_inst/clk_out_reg_6               |                1 |              1 |         1.00 |
|  clk_IBUF_BUFG                                                                        |                                                                    | read_button_debounce_inst/frequency_for_button_read_inst/clk_out_reg_11              |                1 |              1 |         1.00 |
|  clk_IBUF_BUFG                                                                        |                                                                    | read_button_debounce_inst/frequency_for_button_read_inst/clk_out_reg_10              |                1 |              1 |         1.00 |
|  clk_IBUF_BUFG                                                                        |                                                                    | read_button_debounce_inst/frequency_for_button_read_inst/clk_out_reg_9               |                1 |              1 |         1.00 |
|  clk_IBUF_BUFG                                                                        |                                                                    | read_button_debounce_inst/frequency_for_button_read_inst/clk_out_reg_7               |                1 |              1 |         1.00 |
|  clk_IBUF_BUFG                                                                        |                                                                    | read_button_debounce_inst/frequency_for_button_read_inst/clk_out_reg_13              |                1 |              1 |         1.00 |
|  clk_IBUF_BUFG                                                                        |                                                                    | read_button_debounce_inst/frequency_for_button_read_inst/button_debounce_reg[3]_C_0  |                1 |              1 |         1.00 |
|  clk_IBUF_BUFG                                                                        |                                                                    | read_button_debounce_inst/frequency_for_button_read_inst/clk_out_reg_2               |                1 |              1 |         1.00 |
|  clk_IBUF_BUFG                                                                        |                                                                    | read_button_debounce_inst/frequency_for_button_read_inst/clk_out_reg_8               |                1 |              1 |         1.00 |
|  clk_IBUF_BUFG                                                                        |                                                                    | read_button_debounce_inst/button_debounce0_reg[2]_LDC_i_2_n_0                        |                1 |              1 |         1.00 |
|  clk_IBUF_BUFG                                                                        |                                                                    | read_button_debounce_inst/button_debounce0_reg[0]_LDC_i_2_n_0                        |                1 |              1 |         1.00 |
|  clk_IBUF_BUFG                                                                        |                                                                    | read_button_debounce_inst/button_debounce0_reg[1]_LDC_i_2_n_0                        |                1 |              1 |         1.00 |
|  clk_IBUF_BUFG                                                                        | read_button_debounce_inst/button_read_done_sync[1]                 | read_button_debounce_inst/frequency_for_button_read_inst/button_debounce_reg[1]_P    |                1 |              1 |         1.00 |
|  read_button_debounce_inst/frequency_for_button_read_inst/button_debounce_reg[0]_P    |                                                                    | read_button_debounce_inst/frequency_for_button_read_inst/clk_out_reg_5               |                1 |              2 |         2.00 |
|  read_button_debounce_inst/frequency_for_button_read_inst/button_debounce_reg[2]_P    |                                                                    | read_button_debounce_inst/frequency_for_button_read_inst/clk_out_reg_3               |                1 |              2 |         2.00 |
|  read_button_debounce_inst/frequency_for_button_read_inst/button_debounce_reg[1]_P    |                                                                    | read_button_debounce_inst/frequency_for_button_read_inst/clk_out_reg_4               |                1 |              2 |         2.00 |
|  clk_IBUF_BUFG                                                                        |                                                                    |                                                                                      |                2 |              4 |         2.00 |
|  clk_IBUF_BUFG                                                                        |                                                                    | rst_IBUF                                                                             |                2 |              9 |         4.50 |
|  clk_IBUF_BUFG                                                                        | read_button_debounce_inst/frequency_for_button_read_inst/counter_0 | rst_IBUF                                                                             |               12 |             32 |         2.67 |
+---------------------------------------------------------------------------------------+--------------------------------------------------------------------+--------------------------------------------------------------------------------------+------------------+----------------+--------------+


